--- Render Pipeline Config ---
name: CI/CD Pipeline

on:
  push:
    branches: [ main ]
  pull_request:
    branches: [ main ]

jobs:
  test-and-build:
    runs-on: ubuntu-latest
    steps:
      - name: Checkout Code
        uses: actions/checkout@v3

      - name: Setup Python
        uses: actions/setup-python@v4
        with:
          python-version: '3.10'
          cache: 'pip'
      - name: Install Dependencies
        run: pip install -r requirements.txt
      - name: Run Tests
        run: python -m pytest

  deploy:
    needs: [test-and-build]
    runs-on: ubuntu-latest
    if: github.ref == 'refs/heads/main'
    steps:
      - uses: actions/checkout@v3
      - name: Deploy to Render
        run: curl -X POST ${{ secrets.RENDER_DEPLOY_HOOK_URL }}

--- Required Secrets ---
['RENDER_DEPLOY_HOOK_URL']

--- Render Blueprint (render.yaml) ---
